// Jest Snapshot v1, https://goo.gl/fbAQLP

exports[`NetworkForm it sets default form values 1`] = `
Object {
  "apiPublishingStrategy": "NodePort",
  "enableProxy": true,
  "httpProxy": "",
  "httpsProxy": "https://user:pwd@6.7.8.9:456",
  "isAdvanced": false,
  "machineCIDR": "2.4.6.8/12",
  "noProxy": "'noprxy.com,3.4.5.6'",
  "nodePortAddress": "4.5.6.7",
  "nodePortPort": 12,
  "podCIDR": "1.2.3.4/18",
  "serviceCIDR": "4.5.6.7/16",
  "sshPublicKey": "",
}
`;
